// Jest Snapshot v1, https://goo.gl/fbAQLP

exports[`PersonalInfo Should render panel with data: {"ImageURL":"","Acronym":"JR","FirstName":"John","LastName":"Rambo","DepartmentId":1910,"JobTitleId":12332,"UserKey":31232,"UsedDays":11,"AvailableDays":8,"EmployeeStartDate":"2005-01-03T00:00:00.000"}. 1`] = `
<PersonalInfo__StyledPersonalInfo>
  <PersonalInfo__UserImage
    style={
      Object {
        "backgroundColor": "#999999",
      }
    }
  >
    <span>
      JR
    </span>
  </PersonalInfo__UserImage>
  <PersonalInfo__UserNameAndRol>
    John
     
    Rambo
    <span />
  </PersonalInfo__UserNameAndRol>
</PersonalInfo__StyledPersonalInfo>
`;

exports[`PersonalInfo Should render panel with data: {"ImageURL":"","Acronym":"JR","FirstName":"John","LastName":"Rambo","DepartmentId":1910,"JobTitleId":null,"UserKey":31232,"UsedDays":11,"AvailableDays":8,"EmployeeStartDate":"2005-01-03T00:00:00.000"}. 1`] = `
<PersonalInfo__StyledPersonalInfo>
  <PersonalInfo__UserImage
    style={
      Object {
        "backgroundColor": "#999999",
      }
    }
  >
    <span>
      JR
    </span>
  </PersonalInfo__UserImage>
  <PersonalInfo__UserNameAndRol>
    John
     
    Rambo
    <span />
  </PersonalInfo__UserNameAndRol>
</PersonalInfo__StyledPersonalInfo>
`;
